// Jest Snapshot v1, https://goo.gl/fbAQLP

exports[`App snapshot renders 1`] = `
<div>
  <h1>
    My Counter
  </h1>
  <span>
    <p>
      0
    </p>
  </span>
  <button
    onClick={[Function]}
    type="button"
  >
    Increment
  </button>
  <button
    onClick={[Function]}
    type="button"
  >
    Decrement
  </button>
  <h2>
    My Async Data
  </h2>
  <ul />
</div>
`;

exports[`Counter snapshot renders 1`] = `
<div>
  <p>
    1
  </p>
</div>
`;
